\BOOKMARK [1][-]{section.1}{\376\377\000I\000n\000t\000r\000o\000d\000u\000z\000i\000o\000n\000e}{}% 1
\BOOKMARK [2][-]{subsection.1.1}{\376\377\000A\000l\000f\000a\000b\000e\000t\000i\000\040\000e\000\040\000p\000a\000r\000o\000l\000e}{section.1}% 2
\BOOKMARK [2][-]{subsection.1.2}{\376\377\000A\000l\000g\000o\000r\000i\000t\000m\000o\000\040\000e\000\040\000d\000e\000c\000i\000d\000i\000b\000i\000l\000i\000t\000a\000'}{section.1}% 3
\BOOKMARK [1][-]{section.2}{\376\377\000A\000u\000t\000o\000m\000i\000\040\000a\000\040\000s\000t\000a\000t\000i\000\040\000f\000i\000n\000i\000t\000i}{}% 4
\BOOKMARK [2][-]{subsection.2.1}{\376\377\000D\000e\000f\000i\000n\000i\000z\000i\000o\000n\000e\000\040\000d\000i\000\040\000a\000u\000t\000o\000m\000a\000\040\000a\000\040\000s\000t\000a\000t\000i\000\040\000f\000i\000n\000i\000t\000i\000.}{section.2}% 5
\BOOKMARK [2][-]{subsection.2.2}{\376\377\000D\000e\000f\000i\000n\000i\000z\000i\000o\000n\000e\000\040\000d\000i\000\040\000a\000l\000g\000o\000r\000i\000t\000m\000o\000\040\000a\000s\000s\000o\000c\000i\000a\000t\000o\000\040\000a\000d\000\040\000u\000n\000\040\000a\000u\000t\000o\000m\000a}{section.2}% 6
\BOOKMARK [1][-]{section.3}{\376\377\000R\000a\000p\000p\000r\000e\000s\000e\000n\000t\000a\000z\000i\000o\000n\000e\000\040\000g\000r\000a\000f\000i\000c\000a\000\040\000d\000e\000g\000l\000i\000\040\000a\000u\000t\000o\000m\000i}{}% 7
\BOOKMARK [2][-]{subsection.3.1}{\376\377\000A\000u\000t\000o\000m\000i\000\040\000c\000o\000m\000e\000\040\000g\000r\000a\000f\000i}{section.3}% 8
\BOOKMARK [2][-]{subsection.3.2}{\376\377\000M\000a\000t\000r\000i\000c\000i\000\040\000d\000i\000\040\000a\000d\000i\000a\000c\000e\000n\000z\000a\000\040\000p\000e\000r\000\040\000g\000r\000a\000f\000i\000\040\000d\000i\000\040\000a\000u\000t\000o\000m\000i\000\040\000f\000i\000n\000i\000t\000i}{section.3}% 9
\BOOKMARK [1][-]{section.4}{\376\377\000L\000i\000n\000g\000u\000a\000g\000g\000i\000\040\000r\000e\000g\000o\000l\000a\000r\000i}{}% 10
\BOOKMARK [1][-]{section.5}{\376\377\000A\000u\000t\000o\000m\000i\000\040\000n\000o\000n\000\040\000d\000e\000t\000e\000r\000m\000i\000n\000i\000s\000t\000i\000c\000i}{}% 11
\BOOKMARK [1][-]{section.6}{\376\377\000E\000s\000p\000r\000e\000s\000s\000i\000o\000n\000i\000\040\000r\000e\000g\000o\000l\000a\000r\000i}{}% 12
\BOOKMARK [1][-]{section.7}{\376\377\000M\000a\000c\000c\000h\000i\000n\000\040\000d\000i\000\040\000T\000u\000r\000i\000n\000g}{}% 13
\BOOKMARK [1][-]{section.8}{\376\377\000T\000e\000o\000r\000i\000a\000\040\000d\000e\000l\000l\000a\000\040\000c\000o\000m\000p\000l\000e\000s\000s\000i\000t\000\340}{}% 14
\BOOKMARK [2][-]{subsection.8.1}{\376\377\000L\000o\000o\000k\000-\000u\000p\000\040\000T\000a\000b\000l\000e}{section.8}% 15
\BOOKMARK [1][-]{section.9}{\376\377\000P\000r\000e\000r\000e\000q\000u\000i\000s\000i\000t\000i}{}% 16
\BOOKMARK [2][-]{subsection.9.1}{\376\377\000D\000e\000f\000i\000n\000i\000z\000i\000o\000n\000i\000\040\000P\000r\000e\000l\000i\000m\000i\000n\000a\000r\000i}{section.9}% 17
\BOOKMARK [2][-]{subsection.9.2}{\376\377\000G\000r\000a\000f\000i\000\040\000e\000\040\000M\000a\000t\000r\000i\000c\000i\000\040\000d\000i\000\040\000A\000d\000i\000a\000c\000e\000n\000z\000a}{section.9}% 18
\BOOKMARK [2][-]{subsection.9.3}{\376\377\000G\000r\000a\000f\000i\000\040\000E\000t\000i\000c\000h\000e\000t\000t\000a\000t\000i}{section.9}% 19
\BOOKMARK [2][-]{subsection.9.4}{\376\377\000S\000e\000m\000i\000a\000n\000e\000l\000l\000i\000\040\000e\000\040\000S\000e\000r\000i\000e\000\040\000F\000o\000r\000m\000a\000l\000i}{section.9}% 20
\BOOKMARK [2][-]{subsection.9.5}{\376\377\000M\000a\000t\000r\000i\000c\000i\000\040\000s\000u\000\040\000S\000e\000m\000i\000a\000n\000e\000l\000l\000i}{section.9}% 21
\BOOKMARK [2][-]{subsection.9.6}{\376\377\000M\000o\000n\000o\000i\000d\000i\000,\000\040\000S\000e\000r\000i\000e\000\040\000F\000o\000r\000m\000a\000l\000i\000\040\000e\000\040\000A\000l\000g\000e\000b\000r\000e\000\040\000d\000i\000\040\000K\000l\000e\000e\000n\000e}{section.9}% 22
\BOOKMARK [1][-]{section.10}{\376\377\000W\000o\000l\000f\000r\000a\000m}{}% 23
\BOOKMARK [2][-]{subsection.10.1}{\376\377\000I\000n\000t\000r\000o\000d\000u\000z\000i\000o\000n\000e}{section.10}% 24
\BOOKMARK [2][-]{subsection.10.2}{\376\377\000E\000n\000t\000r\000o\000p\000i\000a}{section.10}% 25
\BOOKMARK [2][-]{subsection.10.3}{\376\377\000L\000i\000b\000r\000e\000r\000i\000a\000\040\000T\000M\000-\000l\000i\000b}{section.10}% 26
\BOOKMARK [2][-]{subsection.10.4}{\376\377\000A\000u\000t\000o\000m\000i}{section.10}% 27
\BOOKMARK [1][-]{section.11}{\376\377\000E\000s\000e\000r\000c\000i\000z\000i}{}% 28
\BOOKMARK [2][-]{subsection.11.1}{\376\377\000A\000u\000t\000o\000m\000i}{section.11}% 29
